\BOOKMARK [0][-]{chapter.1}{\376\377\000C\000o\000s\000'\000\350\000\040\000u\000n\000\040\000t\000u\000t\000o\000r\000i\000a\000l\000?}{}% 1
\BOOKMARK [0][-]{chapter.2}{\376\377\000I\000\040\000m\000o\000d\000e\000l\000l\000i\000\040\0003\000D\000:\000\040\000l\000a\000\040\000s\000c\000e\000n\000a\000\040\000d\000o\000v\000e\000\040\000t\000u\000t\000t\000o\000\040\000a\000c\000c\000a\000d\000e}{}% 2
\BOOKMARK [1][-]{section.2.1}{\376\377\000I\000l\000\040\000f\000o\000r\000m\000a\000t\000o\000\040\000r\000i\000c\000h\000i\000e\000s\000t\000o\000:\000\040\000.\000g\000l\000b}{chapter.2}% 3
\BOOKMARK [1][-]{section.2.2}{\376\377\000E\000s\000p\000o\000r\000t\000a\000z\000i\000o\000n\000e\000\040\000d\000a\000\040\000B\000l\000e\000n\000d\000e\000r}{chapter.2}% 4
\BOOKMARK [2][-]{subsection.2.2.1}{\376\377\000C\000o\000n\000v\000e\000n\000z\000i\000o\000n\000i\000\040\000d\000i\000\040\000d\000e\000n\000o\000m\000i\000n\000a\000z\000i\000o\000n\000e}{section.2.2}% 5
\BOOKMARK [2][-]{subsection.2.2.2}{\376\377\000O\000g\000g\000e\000t\000t\000i\000\040\000c\000o\000m\000p\000o\000s\000i\000t\000i\000\040\000c\000o\000n\000\040\000f\000i\000g\000l\000i\000\040\000i\000n\000t\000e\000r\000a\000t\000t\000i\000v\000i}{section.2.2}% 6
\BOOKMARK [1][-]{section.2.3}{\376\377\000O\000r\000i\000g\000i\000n\000e\000,\000\040\000d\000i\000r\000e\000z\000i\000o\000n\000e\000\040\000e\000\040\000p\000o\000s\000i\000z\000i\000o\000n\000e\000\040\000i\000n\000i\000z\000i\000a\000l\000e}{chapter.2}% 7
\BOOKMARK [2][-]{subsection.2.3.1}{\376\377\000O\000r\000i\000g\000i\000n\000e\000\040\000\050\000p\000i\000v\000o\000t\000\051}{section.2.3}% 8
\BOOKMARK [2][-]{subsection.2.3.2}{\376\377\000D\000i\000r\000e\000z\000i\000o\000n\000e\000\040\000d\000i\000\040\000m\000o\000v\000i\000m\000e\000n\000t\000o}{section.2.3}% 9
\BOOKMARK [2][-]{subsection.2.3.3}{\376\377\000P\000o\000s\000i\000z\000i\000o\000n\000e\000\040\000i\000n\000i\000z\000i\000a\000l\000e}{section.2.3}% 10
\BOOKMARK [0][-]{chapter.3}{\376\377\000O\000r\000g\000a\000n\000i\000z\000z\000a\000r\000e\000\040\000i\000l\000\040\000p\000r\000o\000g\000e\000t\000t\000o\000:\000\040\000c\000a\000r\000t\000e\000l\000l\000e\000\040\000e\000\040\000f\000i\000l\000e}{}% 11
\BOOKMARK [1][-]{section.3.1}{\376\377\000S\000t\000r\000u\000t\000t\000u\000r\000a\000\040\000d\000e\000l\000l\000e\000\040\000c\000a\000r\000t\000e\000l\000l\000e\000\040\000d\000e\000l\000\040\000p\000r\000o\000g\000e\000t\000t\000o}{chapter.3}% 12
\BOOKMARK [1][-]{section.3.2}{\376\377\000R\000e\000g\000i\000s\000t\000r\000a\000r\000e\000\040\000i\000\040\000m\000o\000d\000e\000l\000l\000i\000\040\000i\000n\000\040\000h\000o\000m\000e\000c\000o\000n\000f\000i\000g\000.\000i\000n\000i}{chapter.3}% 13
\BOOKMARK [1][-]{section.3.3}{\376\377\000C\000h\000e\000c\000k\000l\000i\000s\000t\000\040\000p\000r\000i\000m\000a\000\040\000d\000i\000\040\000i\000n\000i\000z\000i\000a\000r\000e\000\040\000a\000\040\000s\000c\000r\000i\000v\000e\000r\000e}{chapter.3}% 14
\BOOKMARK [0][-]{chapter.4}{\376\377\000C\000o\000m\000e\000\040\000\350\000\040\000o\000r\000g\000a\000n\000i\000z\000z\000a\000t\000o\000\040\000u\000n\000\040\000f\000i\000l\000e\000\040\000c\000v\000t\000s\000c\000r\000i\000p\000t}{}% 15
\BOOKMARK [1][-]{section.4.1}{\376\377\000L\000a\000\040\000f\000o\000r\000m\000a\000\040\000d\000i\000\040\000u\000n\000a\000\040\000r\000i\000g\000a}{chapter.4}% 16
\BOOKMARK [1][-]{section.4.2}{\376\377\000L\000a\000\040\000g\000e\000r\000a\000r\000c\000h\000i\000a\000\040\000a\000\040\000t\000r\000e\000\040\000l\000i\000v\000e\000l\000l\000i}{chapter.4}% 17
\BOOKMARK [2][-]{subsection.4.2.1}{\376\377\000L\000i\000v\000e\000l\000l\000o\000\040\0001\000\040\040\023\000\040\000[\000s\000c\000e\000n\000e\000]\000:\000\040\000l\000a\000\040\000c\000o\000r\000n\000i\000c\000e\000\040\000g\000l\000o\000b\000a\000l\000e}{section.4.2}% 18
\BOOKMARK [2][-]{subsection.4.2.2}{\376\377\000L\000i\000v\000e\000l\000l\000o\000\040\0002\000\040\040\023\000\040\000[\000s\000e\000c\000t\000i\000o\000n\000\040\000"\000T\000i\000t\000o\000l\000o\000"\000]\000:\000\040\000i\000l\000\040\000c\000a\000p\000i\000t\000o\000l\000o}{section.4.2}% 19
\BOOKMARK [2][-]{subsection.4.2.3}{\376\377\000L\000i\000v\000e\000l\000l\000o\000\040\0003\000\040\040\023\000\040\000[\000s\000t\000e\000p\000\040\000"\000T\000i\000t\000o\000l\000o\000"\000\040\000f\000l\000a\000g\000]\000:\000\040\000i\000l\000\040\000s\000i\000n\000g\000o\000l\000o\000\040\000p\000a\000s\000s\000o}{section.4.2}% 20
\BOOKMARK [1][-]{section.4.3}{\376\377\000A\000l\000t\000r\000i\000\040\000b\000l\000o\000c\000c\000h\000i\000\040\000a\000c\000c\000e\000s\000s\000o\000r\000i}{chapter.4}% 21
\BOOKMARK [0][-]{chapter.5}{\376\377\000D\000e\000n\000t\000r\000o\000\040\000u\000n\000o\000\040\000s\000t\000e\000p}{}% 22
\BOOKMARK [0][-]{chapter.6}{\376\377\000G\000l\000i\000\040\000o\000r\000d\000i\000n\000i\000,\000\040\000l\000'\000i\000s\000t\000r\000u\000z\000i\000o\000n\000e\000\040\000d\000o\000\040\000:}{}% 23
\BOOKMARK [1][-]{section.6.1}{\376\377\000Q\000u\000a\000n\000d\000o\000\040\000p\000a\000r\000t\000e\000\040\000u\000n\000\040\000d\000o\000\040\000:\000\040\000?}{chapter.6}% 24
\BOOKMARK [2][-]{subsection.6.1.1}{\376\377\000L\000e\000\040\000t\000r\000e\000\040\000e\000c\000c\000e\000z\000i\000o\000n\000i\000:\000\040\000a\000u\000t\000o\000,\000\040\000m\000a\000c\000h\000i\000n\000e\000,\000\040\000e\000\040\000l\000'\000a\000t\000t\000r\000e\000z\000z\000o}{section.6.1}% 25
\BOOKMARK [2][-]{subsection.6.1.2}{\376\377\000P\000i\000\371\000\040\000d\000o\000\040\000:\000\040\000i\000n\000\040\000f\000i\000l\000a\000\040\000=\000\040\000u\000n\000a\000\040\000s\000o\000l\000a\000\040\000a\000n\000i\000m\000a\000z\000i\000o\000n\000e}{section.6.1}% 26
\BOOKMARK [1][-]{section.6.2}{\376\377\000I\000l\000\040\000v\000o\000c\000a\000b\000o\000l\000a\000r\000i\000o\000\040\000d\000e\000g\000l\000i\000\040\000o\000r\000d\000i\000n\000i}{chapter.6}% 27
\BOOKMARK [1][-]{section.6.3}{\376\377\000S\000p\000i\000e\000g\000a\000z\000i\000o\000n\000i\000\040\000s\000e\000m\000p\000l\000i\000c\000i\000\040\000d\000i\000\040\000o\000g\000n\000u\000n\000o}{chapter.6}% 28
\BOOKMARK [2][-]{subsection.6.3.1}{\376\377\000u\000n\000s\000c\000r\000e\000w\000\040\040\023\000\040\000S\000v\000i\000t\000a\000\040\000l\000a\000\040\000v\000i\000t\000e}{section.6.3}% 29
\BOOKMARK [2][-]{subsection.6.3.2}{\376\377\000s\000c\000r\000e\000w\000\040\040\023\000\040\000A\000v\000v\000i\000t\000a\000\040\000l\000a\000\040\000v\000i\000t\000e}{section.6.3}% 30
\BOOKMARK [2][-]{subsection.6.3.3}{\376\377\000e\000x\000t\000r\000a\000c\000t\000\040\000/\000\040\000i\000n\000s\000e\000r\000t\000\040\040\023\000\040\000E\000s\000t\000r\000a\000e\000\040\000/\000\040\000I\000n\000s\000e\000r\000i\000s\000c\000e}{section.6.3}% 31
\BOOKMARK [2][-]{subsection.6.3.4}{\376\377\000p\000l\000a\000c\000e\000\040\040\023\000\040\000A\000p\000p\000o\000g\000g\000i\000a\000\040\000a\000\040\000t\000e\000r\000r\000a}{section.6.3}% 32
\BOOKMARK [2][-]{subsection.6.3.5}{\376\377\000m\000o\000v\000e\000\040\040\023\000\040\000S\000p\000o\000s\000t\000a\000\040\000i\000n\000\040\000l\000i\000n\000e\000a\000\040\000r\000e\000t\000t\000a}{section.6.3}% 33
\BOOKMARK [2][-]{subsection.6.3.6}{\376\377\000r\000o\000t\000a\000t\000e\000\040\040\023\000\040\000G\000i\000r\000a}{section.6.3}% 34
\BOOKMARK [2][-]{subsection.6.3.7}{\376\377\000p\000u\000m\000p\000\040\040\023\000\040\000P\000o\000m\000p\000a\000r\000e}{section.6.3}% 35
\BOOKMARK [2][-]{subsection.6.3.8}{\376\377\000i\000d\000l\000e\000\040\000r\000e\000s\000e\000t\000\040\040\023\000\040\000R\000e\000s\000e\000t\000t\000a\000\040\000t\000u\000t\000t\000o}{section.6.3}% 36
\BOOKMARK [0][-]{chapter.7}{\376\377\000G\000l\000i\000\040\000s\000t\000r\000u\000m\000e\000n\000t\000i\000:\000\040\000i\000\040\000v\000a\000r\000i\000\040\000a\000t\000t\000r\000e\000z\000z\000i}{}% 37
\BOOKMARK [0][-]{chapter.8}{\376\377\000L\000a\000\040\000c\000a\000m\000e\000r\000a\000:\000\040\000d\000o\000v\000e\000\040\000g\000u\000a\000r\000d\000a\000\040\000l\000o\000\040\000s\000t\000u\000d\000e\000n\000t\000e}{}% 38
\BOOKMARK [1][-]{section.8.1}{\376\377\000L\000e\000\040\000p\000a\000r\000t\000i\000\040\000d\000e\000l\000l\000a\000\040\000c\000a\000m\000e\000r\000a}{chapter.8}% 39
\BOOKMARK [0][-]{chapter.9}{\376\377\000T\000r\000a\000s\000c\000i\000n\000a\000r\000e\000\040\000g\000l\000i\000\040\000o\000g\000g\000e\000t\000t\000i\000\040\000\050\000d\000r\000a\000g\000\040\000\046\000\040\000d\000r\000o\000p\000\051}{}% 40
\BOOKMARK [1][-]{section.9.1}{\376\377\000P\000i\000\371\000\040\000o\000g\000g\000e\000t\000t\000i\000\040\000c\000o\000n\000t\000e\000m\000p\000o\000r\000a\000n\000e\000a\000m\000e\000n\000t\000e}{chapter.9}% 41
\BOOKMARK [1][-]{section.9.2}{\376\377\000P\000u\000n\000t\000o\000\040\000d\000i\000\040\000a\000g\000g\000a\000n\000c\000i\000o\000\040\000p\000e\000r\000s\000o\000n\000a\000l\000i\000z\000z\000a\000t\000o}{chapter.9}% 42
\BOOKMARK [0][-]{chapter.10}{\376\377\000P\000u\000l\000s\000a\000n\000t\000i\000,\000\040\000p\000o\000r\000t\000e\000,\000\040\000l\000e\000v\000e\000:\000\040\000t\000u\000t\000t\000o\000\040\000\350\000\040\000e\000l\000e\000m\000e\000n\000t}{}% 43
\BOOKMARK [1][-]{section.10.1}{\376\377\000C\000a\000s\000o\000\040\000A\000\040\040\023\000\040\000C\000l\000i\000c\000k\000\040\000s\000u\000\040\000u\000n\000\040\000p\000u\000l\000s\000a\000n\000t\000e\000\040\000c\000h\000e\000\040\000c\000a\000m\000b\000i\000a\000\040\000u\000n\000o\000\040\000s\000c\000h\000e\000r\000m\000o}{chapter.10}% 44
\BOOKMARK [1][-]{section.10.2}{\376\377\000C\000a\000s\000o\000\040\000B\000\040\040\023\000\040\000C\000l\000i\000c\000k\000\040\000s\000u\000\040\000u\000n\000a\000\040\000p\000o\000r\000t\000a\000\040\000c\000h\000e\000\040\000s\000i\000\040\000a\000p\000r\000e}{chapter.10}% 45
\BOOKMARK [1][-]{section.10.3}{\376\377\000C\000a\000s\000o\000\040\000C\000\040\040\023\000\040\000C\000l\000i\000c\000k\000\040\000s\000u\000\040\000u\000n\000a\000\040\000v\000i\000t\000e\000\040\000c\000o\000n\000\040\000u\000n\000\040\000a\000t\000t\000r\000e\000z\000z\000o}{chapter.10}% 46
\BOOKMARK [1][-]{section.10.4}{\376\377\000a\000f\000t\000e\000r\000\040\000c\000o\000n\000\040\000e\000f\000f\000e\000t\000t\000i\000\040\000m\000u\000l\000t\000i\000p\000l\000i}{chapter.10}% 47
\BOOKMARK [1][-]{section.10.5}{\376\377\000L\000a\000\040\000t\000a\000b\000e\000l\000l\000a\000\040\000c\000h\000e\000\040\000d\000e\000c\000i\000d\000e\000\040\000t\000u\000t\000t\000o}{chapter.10}% 48
\BOOKMARK [1][-]{section.10.6}{\376\377\000C\000l\000i\000c\000k\000\040\000r\000i\000p\000e\000t\000u\000t\000i\000:\000\040\000r\000e\000p\000e\000a\000t\000\040\000N}{chapter.10}% 49
\BOOKMARK [0][-]{chapter.11}{\376\377\000L\000e\000\040\000b\000a\000n\000d\000i\000e\000r\000i\000n\000e\000\040\000a\000u\000t\000o\000,\000\040\000m\000a\000c\000h\000i\000n\000e\000,\000\040\000h\000i\000g\000h\000l\000i\000g\000h\000t}{}% 50
\BOOKMARK [0][-]{chapter.12}{\376\377\000T\000e\000n\000e\000r\000e\000\040\000o\000g\000g\000e\000t\000t\000i\000\040\000i\000n\000\040\000m\000a\000n\000o\000\040\000\050\000h\000o\000l\000d\000\051}{}% 51
\BOOKMARK [1][-]{section.12.1}{\376\377\000h\000o\000l\000d\000\040\000=\000\040\000p\000i\000c\000k\000\040\040\023\000\040\000P\000r\000e\000n\000d\000i\000\040\000i\000n\000\040\000m\000a\000n\000o\000\040\000u\000n\000\040\000o\000g\000g\000e\000t\000t\000o}{chapter.12}% 52
\BOOKMARK [1][-]{section.12.2}{\376\377\000h\000o\000l\000d\000\040\000=\000\040\000h\000e\000l\000d\000\040\040\023\000\040\000L\000o\000\040\000s\000t\000e\000p\000\040\000r\000i\000c\000h\000i\000e\000d\000e\000\040\000l\000'\000o\000g\000g\000e\000t\000t\000o\000\040\000g\000i\000\340\000\040\000i\000n\000\040\000m\000a\000n\000o}{chapter.12}% 53
\BOOKMARK [1][-]{section.12.3}{\376\377\000h\000o\000l\000d\000\040\000=\000\040\000r\000e\000l\000e\000a\000s\000e\000\040\040\023\000\040\000R\000i\000m\000e\000t\000t\000i\000\040\000g\000i\000\371}{chapter.12}% 54
\BOOKMARK [0][-]{chapter.13}{\376\377\000M\000o\000s\000t\000r\000a\000r\000e\000\040\000u\000n\000\040\000m\000e\000s\000s\000a\000g\000g\000i\000o\000\040\000s\000u\000l\000l\000o\000\040\000s\000c\000h\000e\000r\000m\000o}{}% 55
\BOOKMARK [0][-]{chapter.14}{\376\377\000M\000e\000t\000t\000e\000r\000e\000\040\000a\000\040\000p\000o\000s\000t\000o\000\040\000i\000\040\000p\000e\000z\000z\000i\000\040\000p\000r\000i\000m\000a\000\040\000d\000i\000\040\000i\000n\000i\000z\000i\000a\000r\000e}{}% 56
\BOOKMARK [1][-]{section.14.1}{\376\377\000p\000o\000s\000i\000t\000i\000o\000n\000\040\040\023\000\040\000M\000e\000t\000t\000e\000r\000e\000\040\000u\000n\000\040\000p\000e\000z\000z\000o\000\040\000i\000n\000\040\000u\000n\000\040\000p\000u\000n\000t\000o}{chapter.14}% 57
\BOOKMARK [1][-]{section.14.2}{\376\377\000r\000o\000t\000a\000t\000i\000o\000n\000\040\040\023\000\040\000R\000u\000o\000t\000a\000r\000e\000\040\000u\000n\000\040\000p\000e\000z\000z\000o}{chapter.14}% 58
\BOOKMARK [1][-]{section.14.3}{\376\377\000D\000o\000v\000e\000\040\000s\000i\000\040\000s\000c\000r\000i\000v\000o\000n\000o\000?}{chapter.14}% 59
\BOOKMARK [0][-]{chapter.15}{\376\377\000P\000e\000z\000z\000i\000\040\000c\000h\000e\000\040\000s\000i\000\040\000m\000u\000o\000v\000o\000n\000o\000\040\000i\000n\000s\000i\000e\000m\000e\000\040\000\050\000c\000o\000m\000p\000a\000n\000i\000o\000n\000\051}{}% 60
\BOOKMARK [1][-]{section.15.1}{\376\377\000c\000o\000m\000p\000a\000n\000i\000o\000n\000\040\000=\000\040\000X\000\040\000f\000o\000l\000l\000o\000w\000s\000\040\000m\000a\000s\000t\000e\000r\000\040\040\023\000\040\000M\000i\000\040\000a\000t\000t\000a\000c\000c\000o\000\040\000a\000l\000\040\000m\000a\000s\000t\000e\000r}{chapter.15}% 61
\BOOKMARK [1][-]{section.15.2}{\376\377\000c\000o\000m\000p\000a\000n\000i\000o\000n\000\040\000=\000\040\000X\000\040\000m\000o\000v\000e\000s\000\040\000b\000y\000\040\000\050\040\046\000\051\000\040\000d\000u\000r\000a\000t\000i\000o\000n\000\040\000t\000\040\040\023\000\040\000M\000o\000v\000i\000m\000e\000n\000t\000o\000\040\000s\000e\000p\000a\000r\000a\000t\000o}{chapter.15}% 62
\BOOKMARK [0][-]{chapter.16}{\376\377\000S\000c\000h\000e\000r\000m\000a\000t\000e\000\040\000d\000i\000\040\000u\000n\000\040\000d\000i\000s\000p\000l\000a\000y\000\040\0003\000D\000\040\000\050\000v\000i\000e\000w\000\051}{}% 63
\BOOKMARK [0][-]{chapter.17}{\376\377\000A\000n\000i\000m\000a\000z\000i\000o\000n\000i\000\040\0002\000D\000\040\000a\000\040\000f\000r\000a\000m\000e\000\040\000\050\000a\000n\000i\000m\000a\000t\000i\000o\000n\000\051}{}% 64
\BOOKMARK [0][-]{chapter.18}{\376\377\000I\000\040\000b\000l\000o\000c\000c\000h\000i\000\040\000[\000s\000t\000a\000t\000e\000]\000\040\000e\000\040\000[\000o\000b\000j\000e\000c\000t\000]}{}% 65
\BOOKMARK [1][-]{section.18.1}{\376\377\000[\000s\000t\000a\000t\000e\000\040\000n\000o\000m\000e\000]\000\040\040\023\000\040\000L\000e\000\040\000v\000a\000r\000i\000a\000n\000t\000i\000\040\000d\000i\000\040\000u\000n\000\040\000o\000g\000g\000e\000t\000t\000o}{chapter.18}% 66
\BOOKMARK [1][-]{section.18.2}{\376\377\000[\000o\000b\000j\000e\000c\000t\000\040\000n\000o\000m\000e\000]\000\040\040\023\000\040\000U\000n\000\040\000o\000g\000g\000e\000t\000t\000o\000\040\000c\000o\000n\000\040\000p\000u\000l\000s\000a\000n\000t\000i\000\040\000d\000e\000n\000t\000r\000o}{chapter.18}% 67
\BOOKMARK [0][-]{chapter.19}{\376\377\000I\000\040\000f\000i\000l\000e\000\040\000d\000i\000\040\000c\000o\000n\000f\000i\000g\000u\000r\000a\000z\000i\000o\000n\000e\000\040\000a\000t\000t\000o\000r\000n\000o\000\040\000a\000l\000\040\000t\000u\000t\000o\000r\000i\000a\000l}{}% 68
\BOOKMARK [1][-]{section.19.1}{\376\377\000h\000o\000m\000e\000c\000o\000n\000f\000i\000g\000.\000i\000n\000i\000\040\040\023\000\040\000L\000a\000\040\000v\000e\000t\000r\000i\000n\000a\000\040\000d\000e\000g\000l\000i\000\040\000s\000c\000e\000n\000a\000r\000i}{chapter.19}% 69
\BOOKMARK [1][-]{section.19.2}{\376\377\000t\000o\000o\000l\000.\000i\000n\000i\000\040\040\023\000\040\000G\000l\000i\000\040\000a\000t\000t\000r\000e\000z\000z\000i\000\040\000d\000e\000l\000l\000a\000\040\000c\000a\000s\000s\000e\000t\000t\000a}{chapter.19}% 70
\BOOKMARK [1][-]{section.19.3}{\376\377\000o\000b\000j\000e\000c\000t\000s\000.\000i\000n\000i\000\040\040\023\000\040\000I\000\040\000p\000u\000l\000s\000a\000n\000t\000i\000\040\000e\000\040\000g\000l\000i\000\040\000s\000c\000h\000e\000r\000m\000i\000\040\000d\000e\000l\000l\000a\000\040\000s\000c\000e\000n\000a}{chapter.19}% 71
\BOOKMARK [1][-]{section.19.4}{\376\377\000i\000n\000t\000e\000r\000f\000a\000c\000e\000c\000o\000n\000f\000i\000g\000.\000i\000n\000i\000\040\040\023\000\040\000P\000e\000r\000s\000o\000n\000a\000l\000i\000z\000z\000a\000r\000e\000\040\000i\000\040\000c\000o\000m\000a\000n\000d\000i}{chapter.19}% 72
\BOOKMARK [0][-]{chapter.20}{\376\377\000U\000n\000\040\000e\000s\000e\000m\000p\000i\000o\000\040\000c\000o\000m\000p\000l\000e\000t\000o\000,\000\040\000r\000i\000g\000a\000\040\000p\000e\000r\000\040\000r\000i\000g\000a}{}% 73
\BOOKMARK [1][-]{section.20.1}{\376\377\000S\000t\000e\000p\000\040\000a\000u\000t\000o\000m\000a\000t\000i\000c\000i\000\040\000i\000n\000\040\000c\000a\000t\000e\000n\000a}{chapter.20}% 74
\BOOKMARK [1][-]{section.20.2}{\376\377\000E\000s\000e\000m\000p\000i\000o\000\040\000d\000i\000\040\000d\000r\000a\000g\000\040\000\046\000\040\000d\000r\000o\000p}{chapter.20}% 75
\BOOKMARK [1][-]{section.20.3}{\376\377\000E\000s\000e\000m\000p\000i\000o\000\040\000d\000i\000\040\000c\000l\000i\000c\000k\000\040\000s\000u\000\040\000u\000n\000\040\000p\000u\000l\000s\000a\000n\000t\000e\000\040\0003\000D}{chapter.20}% 76
\BOOKMARK [1][-]{section.20.4}{\376\377\000E\000s\000e\000m\000p\000i\000o\000\040\000d\000i\000\040\000c\000l\000i\000c\000k\000\040\000s\000u\000\040\000u\000n\000a\000\040\000p\000o\000r\000t\000a}{chapter.20}% 77
\BOOKMARK [0][-]{chapter.21}{\376\377\000E\000r\000r\000o\000r\000i\000\040\000c\000o\000m\000u\000n\000i\000\040\000e\000\040\000c\000o\000m\000e\000\040\000e\000v\000i\000t\000a\000r\000l\000i}{}% 78
\BOOKMARK [1][-]{section.21.1}{\376\377\000E\000r\000r\000o\000r\000e\000\040\0001\000:\000\040\000s\000c\000r\000i\000v\000e\000r\000e\000\040\000l\000e\000\040\000r\000i\000g\000h\000e\000\040\000c\000o\000n\000\040\000l\000a\000\040\000l\000e\000t\000t\000e\000r\000a\000\040\000m\000a\000i\000u\000s\000c\000o\000l\000a}{chapter.21}% 79
\BOOKMARK [1][-]{section.21.2}{\376\377\000E\000r\000r\000o\000r\000e\000\040\0002\000:\000\040\000d\000i\000m\000e\000n\000t\000i\000c\000a\000r\000e\000\040\000l\000e\000\040\000v\000i\000r\000g\000o\000l\000e\000t\000t\000e\000\040\000n\000e\000l\000\040\000n\000o\000m\000e\000\040\000d\000e\000l\000l\000o\000\040\000s\000t\000e\000p}{chapter.21}% 80
\BOOKMARK [1][-]{section.21.3}{\376\377\000E\000r\000r\000o\000r\000e\000\040\0003\000:\000\040\000n\000u\000m\000e\000r\000a\000r\000e\000\040\000l\000e\000\040\000a\000z\000i\000o\000n\000i\000\040\000m\000a\000n\000u\000a\000l\000m\000e\000n\000t\000e}{chapter.21}% 81
\BOOKMARK [1][-]{section.21.4}{\376\377\000E\000r\000r\000o\000r\000e\000\040\0004\000:\000\040\000s\000c\000r\000i\000v\000e\000r\000e\000\040\000i\000l\000\040\000n\000o\000m\000e\000\040\000d\000e\000l\000\040\000f\000i\000l\000e\000\040\000.\000g\000l\000b}{chapter.21}% 82
\BOOKMARK [1][-]{section.21.5}{\376\377\000E\000r\000r\000o\000r\000e\000\040\0005\000:\000\040\000u\000s\000a\000r\000e\000\040\000i\000\040\000n\000o\000m\000i\000\040\000i\000t\000a\000l\000i\000a\000n\000i\000\040\000d\000e\000g\000l\000i\000\040\000a\000t\000t\000r\000e\000z\000z\000i}{chapter.21}% 83
\BOOKMARK [1][-]{section.21.6}{\376\377\000E\000r\000r\000o\000r\000e\000\040\0006\000:\000\040\000d\000i\000m\000e\000n\000t\000i\000c\000a\000r\000e\000\040\000g\000l\000i\000\040\000s\000p\000a\000z\000i\000\040\000a\000t\000t\000o\000r\000n\000o\000\040\000a\000l\000l\000'\000=}{chapter.21}% 84
\BOOKMARK [1][-]{section.21.7}{\376\377\000E\000r\000r\000o\000r\000e\000\040\0007\000:\000\040\000m\000e\000t\000t\000e\000r\000e\000\040\000c\000o\000m\000m\000e\000n\000t\000i\000\040\000c\000o\000n\000\040\000/\000/}{chapter.21}% 85
\BOOKMARK [1][-]{section.21.8}{\376\377\000E\000r\000r\000o\000r\000e\000\040\0008\000:\000\040\000u\000s\000a\000r\000e\000\040\000A\000u\000t\000o\000S\000e\000t\000V\000a\000r\000i\000a\000n\000t\000\040\000i\000n\000v\000e\000c\000e\000\040\000d\000i\000\040\000a\000f\000t\000e\000r\000\040\000:}{chapter.21}% 86
\BOOKMARK [1][-]{section.21.9}{\376\377\000E\000r\000r\000o\000r\000e\000\040\0009\000:\000\040\000u\000s\000a\000r\000e\000\040\000A\000c\000t\000i\000v\000e\000B\000u\000t\000t\000o\000n\000s\000\040\000+\000\040\000A\000c\000c\000e\000p\000t\000T\000r\000i\000g\000g\000e\000r\000\040\000a\000\040\000m\000a\000n\000o}{chapter.21}% 87
\BOOKMARK [1][-]{section.21.10}{\376\377\000E\000r\000r\000o\000r\000e\000\040\0001\0000\000:\000\040\000s\000c\000r\000i\000v\000e\000r\000e\000\040\000b\000u\000t\000t\000o\000n\000\040\000=\000\040\000.\000.\000.\000\040\000\050\000v\000e\000c\000c\000h\000i\000a\000\040\000v\000e\000r\000s\000i\000o\000n\000e\000\040\000d\000e\000l\000\040\000v\0003\000\051}{chapter.21}% 88
\BOOKMARK [1][-]{section.21.11}{\376\377\000E\000r\000r\000o\000r\000e\000\040\0001\0001\000:\000\040\000u\000s\000a\000r\000e\000\040\000A\000n\000i\000m\000a\000t\000e\000d\000.\000.\000.\000\040\000i\000n\000v\000e\000c\000e\000\040\000d\000i\000\040\000a\000n\000i\000m\000a\000t\000i\000o\000n}{chapter.21}% 89
\BOOKMARK [0][-]{chapter.22}{\376\377\000G\000l\000o\000s\000s\000a\000r\000i\000o\000\040\000d\000e\000l\000l\000e\000\040\000p\000a\000r\000o\000l\000e\000\040\000i\000m\000p\000o\000r\000t\000a\000n\000t\000i}{}% 90
\BOOKMARK [0][-]{chapter*.57}{\376\377\000C\000o\000n\000c\000l\000u\000s\000i\000o\000n\000e}{}% 91
